
> finx-monorepo@1.0.0 dev:backend
> cd backend && .\mvnw.cmd spring-boot:run

WARNING: A restricted method in java.lang.System has been called
WARNING: java.lang.System::load has been called by org.fusesource.jansi.internal.JansiLoader in an unnamed module (file:/C:/Users/moham/.m2/wrapper/dists/apache-maven-3.9.9/8e74001100ff70d6af083c5511fcc5ec49282d7017cde82c3698eee8fdf86698/lib/jansi-2.4.1.jar)
WARNING: Use --enable-native-access=ALL-UNNAMED to avoid a warning for callers in this module
WARNING: Restricted methods will be blocked in a future release unless native access is enabled

WARNING: A terminally deprecated method in sun.misc.Unsafe has been called
WARNING: sun.misc.Unsafe::objectFieldOffset has been called by com.google.common.util.concurrent.AbstractFuture$UnsafeAtomicHelper (file:/C:/Users/moham/.m2/wrapper/dists/apache-maven-3.9.9/8e74001100ff70d6af083c5511fcc5ec49282d7017cde82c3698eee8fdf86698/lib/guava-33.2.1-jre.jar)
WARNING: Please consider reporting this to the maintainers of class com.google.common.util.concurrent.AbstractFuture$UnsafeAtomicHelper
WARNING: sun.misc.Unsafe::objectFieldOffset will be removed in a future release
[INFO] Scanning for projects...
[INFO] 
[INFO] -----------------------< com.finx:finx-backend >------------------------
[INFO] Building finx-backend 1.0.0
[INFO]   from pom.xml
[INFO] --------------------------------[ jar ]---------------------------------
[INFO] 
[INFO] >>> spring-boot:3.4.3:run (default-cli) > test-compile @ finx-backend >>>
[INFO] 
[INFO] --- resources:3.3.1:resources (default-resources) @ finx-backend ---
[INFO] Copying 4 resources from src\main\resources to target\classes
[INFO] Copying 3 resources from src\main\resources to target\classes
[INFO] 
[INFO] --- compiler:3.13.0:compile (default-compile) @ finx-backend ---
[INFO] Nothing to compile - all classes are up to date.
[INFO] 
[INFO] --- resources:3.3.1:testResources (default-testResources) @ finx-backend ---
[INFO] skip non existing resourceDirectory C:\Users\moham\Downloads\FinX-\backend\src\test\resources
[INFO] 
[INFO] --- compiler:3.13.0:testCompile (default-testCompile) @ finx-backend ---
[INFO] Nothing to compile - all classes are up to date.
[INFO] 
[INFO] <<< spring-boot:3.4.3:run (default-cli) < test-compile @ finx-backend <<<
[INFO] 
[INFO] 
[INFO] --- spring-boot:3.4.3:run (default-cli) @ finx-backend ---
[INFO] Attaching agents: []
12:24:16.119 [main] INFO com.finx.FinxApplication -- Loading environment variables from: C:\Users\moham\Downloads\FinX-\backend\.env

  .   ____          _            __ _ _
 /\\ / ___'_ __ _ _(_)_ __  __ _ \ \ \ \
( ( )\___ | '_ | '_| | '_ \/ _` | \ \ \ \
 \\/  ___)| |_)| | | | | || (_| |  ) ) ) )
  '  |____| .__|_| |_|_| |_\__, | / / / /
 =========|_|==============|___/=/_/_/_/

 :: Spring Boot ::                (v3.4.3)

2026-09-12 12:24:16.606 [main] INFO  com.finx.FinxApplication - Starting FinxApplication using Java 25.0.3 with PID 12184 (C:\Users\moham\Downloads\FinX-\backend\target\classes started by moham in C:\Users\moham\Downloads\FinX-\backend)
2026-09-12 12:24:16.607 [main] DEBUG com.finx.FinxApplication - Running with Spring Boot v3.4.3, Spring v6.2.3
2026-09-12 12:24:16.608 [main] INFO  com.finx.FinxApplication - The following 1 profile is active: "dev"
2026-09-12 12:24:17.282 [main] INFO  o.s.d.r.c.RepositoryConfigurationDelegate - Multiple Spring Data modules found, entering strict repository configuration mode
2026-09-12 12:24:17.282 [main] INFO  o.s.d.r.c.RepositoryConfigurationDelegate - Bootstrapping Spring Data Redis repositories in DEFAULT mode.
2026-09-12 12:24:17.297 [main] INFO  o.s.d.r.c.RepositoryConfigurationDelegate - Finished Spring Data repository scanning in 3 ms. Found 0 Redis repository interfaces.
2026-09-12 12:24:17.590 [main] INFO  o.s.d.r.c.RepositoryConfigurationDelegate - Multiple Spring Data modules found, entering strict repository configuration mode
2026-09-12 12:24:17.591 [main] INFO  o.s.d.r.c.RepositoryConfigurationDelegate - Bootstrapping Spring Data JPA repositories in DEFAULT mode.
2026-09-12 12:24:17.760 [main] INFO  o.s.d.r.c.RepositoryConfigurationDelegate - Finished Spring Data repository scanning in 167 ms. Found 11 JPA repository interfaces.
2026-09-12 12:24:17.767 [main] INFO  o.s.d.r.c.RepositoryConfigurationDelegate - Multiple Spring Data modules found, entering strict repository configuration mode
2026-09-12 12:24:17.767 [main] INFO  o.s.d.r.c.RepositoryConfigurationDelegate - Bootstrapping Spring Data Redis repositories in DEFAULT mode.
2026-09-12 12:24:17.790 [main] INFO  o.s.d.r.c.RepositoryConfigurationExtensionSupport - Spring Data Redis - Could not safely identify store assignment for repository candidate interface com.finx.audit.repository.AuditLogRepository; If you want this repository to be a Redis repository, consider annotating your entities with one of these annotations: org.springframework.data.redis.core.RedisHash (preferred), or consider extending one of the following types with your repository: org.springframework.data.keyvalue.repository.KeyValueRepository
2026-09-12 12:24:17.791 [main] INFO  o.s.d.r.c.RepositoryConfigurationExtensionSupport - Spring Data Redis - Could not safely identify store assignment for repository candidate interface com.finx.auth.repository.RefreshTokenRepository; If you want this repository to be a Redis repository, consider annotating your entities with one of these annotations: org.springframework.data.redis.core.RedisHash (preferred), or consider extending one of the following types with your repository: org.springframework.data.keyvalue.repository.KeyValueRepository
2026-09-12 12:24:17.791 [main] INFO  o.s.d.r.c.RepositoryConfigurationExtensionSupport - Spring Data Redis - Could not safely identify store assignment for repository candidate interface com.finx.deal.repository.DealRepository; If you want this repository to be a Redis repository, consider annotating your entities with one of these annotations: org.springframework.data.redis.core.RedisHash (preferred), or consider extending one of the following types with your repository: org.springframework.data.keyvalue.repository.KeyValueRepository
2026-09-12 12:24:17.791 [main] INFO  o.s.d.r.c.RepositoryConfigurationExtensionSupport - Spring Data Redis - Could not safely identify store assignment for repository candidate interface com.finx.dispute.repository.DisputeRepository; If you want this repository to be a Redis repository, consider annotating your entities with one of these annotations: org.springframework.data.redis.core.RedisHash (preferred), or consider extending one of the following types with your repository: org.springframework.data.keyvalue.repository.KeyValueRepository
2026-09-12 12:24:17.791 [main] INFO  o.s.d.r.c.RepositoryConfigurationExtensionSupport - Spring Data Redis - Could not safely identify store assignment for repository candidate interface com.finx.escrow.repository.EscrowAccountRepository; If you want this repository to be a Redis repository, consider annotating your entities with one of these annotations: org.springframework.data.redis.core.RedisHash (preferred), or consider extending one of the following types with your repository: org.springframework.data.keyvalue.repository.KeyValueRepository
2026-09-12 12:24:17.791 [main] INFO  o.s.d.r.c.RepositoryConfigurationExtensionSupport - Spring Data Redis - Could not safely identify store assignment for repository candidate interface com.finx.escrow.repository.EscrowLedgerRepository; If you want this repository to be a Redis repository, consider annotating your entities with one of these annotations: org.springframework.data.redis.core.RedisHash (preferred), or consider extending one of the following types with your repository: org.springframework.data.keyvalue.repository.KeyValueRepository
2026-09-12 12:24:17.791 [main] INFO  o.s.d.r.c.RepositoryConfigurationExtensionSupport - Spring Data Redis - Could not safely identify store assignment for repository candidate interface com.finx.milestone.repository.DeliverableRepository; If you want this repository to be a Redis repository, consider annotating your entities with one of these annotations: org.springframework.data.redis.core.RedisHash (preferred), or consider extending one of the following types with your repository: org.springframework.data.keyvalue.repository.KeyValueRepository
2026-09-12 12:24:17.791 [main] INFO  o.s.d.r.c.RepositoryConfigurationExtensionSupport - Spring Data Redis - Could not safely identify store assignment for repository candidate interface com.finx.milestone.repository.MilestoneRepository; If you want this repository to be a Redis repository, consider annotating your entities with one of these annotations: org.springframework.data.redis.core.RedisHash (preferred), or consider extending one of the following types with your repository: org.springframework.data.keyvalue.repository.KeyValueRepository
2026-09-12 12:24:17.791 [main] INFO  o.s.d.r.c.RepositoryConfigurationExtensionSupport - Spring Data Redis - Could not safely identify store assignment for repository candidate interface com.finx.notification.repository.NotificationRepository; If you want this repository to be a Redis repository, consider annotating your entities with one of these annotations: org.springframework.data.redis.core.RedisHash (preferred), or consider extending one of the following types with your repository: org.springframework.data.keyvalue.repository.KeyValueRepository
2026-09-12 12:24:17.791 [main] INFO  o.s.d.r.c.RepositoryConfigurationExtensionSupport - Spring Data Redis - Could not safely identify store assignment for repository candidate interface com.finx.payment.repository.PaymentRepository; If you want this repository to be a Redis repository, consider annotating your entities with one of these annotations: org.springframework.data.redis.core.RedisHash (preferred), or consider extending one of the following types with your repository: org.springframework.data.keyvalue.repository.KeyValueRepository
2026-09-12 12:24:17.791 [main] INFO  o.s.d.r.c.RepositoryConfigurationExtensionSupport - Spring Data Redis - Could not safely identify store assignment for repository candidate interface com.finx.user.repository.UserRepository; If you want this repository to be a Redis repository, consider annotating your entities with one of these annotations: org.springframework.data.redis.core.RedisHash (preferred), or consider extending one of the following types with your repository: org.springframework.data.keyvalue.repository.KeyValueRepository
2026-09-12 12:24:17.791 [main] INFO  o.s.d.r.c.RepositoryConfigurationDelegate - Finished Spring Data repository scanning in 24 ms. Found 0 Redis repository interfaces.
WARNING: A restricted method in java.lang.System has been called
WARNING: java.lang.System::load has been called by org.apache.tomcat.jni.Library in an unnamed module (file:/C:/Users/moham/.m2/repository/org/apache/tomcat/embed/tomcat-embed-core/10.1.36/tomcat-embed-core-10.1.36.jar)
WARNING: Use --enable-native-access=ALL-UNNAMED to avoid a warning for callers in this module
WARNING: Restricted methods will be blocked in a future release unless native access is enabled

2026-09-12 12:24:18.461 [main] INFO  o.s.b.w.e.tomcat.TomcatWebServer - Tomcat initialized with port 8080 (http)
2026-09-12 12:24:18.473 [main] INFO  o.a.catalina.core.StandardService - Starting service [Tomcat]
2026-09-12 12:24:18.473 [main] INFO  o.a.catalina.core.StandardEngine - Starting Servlet engine: [Apache Tomcat/10.1.36]
2026-09-12 12:24:18.535 [main] INFO  o.a.c.c.C.[Tomcat].[localhost].[/] - Initializing Spring embedded WebApplicationContext
2026-09-12 12:24:18.535 [main] INFO  o.s.b.w.s.c.ServletWebServerApplicationContext - Root WebApplicationContext: initialization completed in 1886 ms
2026-09-12 12:24:18.714 [main] INFO  com.finx.config.DatabaseConfig - Detected standard URI database connection string (Supabase/Render). Converting to JDBC...
2026-09-12 12:24:18.716 [main] INFO  com.finx.config.DatabaseConfig - [DATABASE TARGET] PostgreSQL host=aws-0-ap-southeast-1.pooler.supabase.com, port=6543, path=/postgres, username=postgres.rhmoxuwxbsxezubrvmkj
2026-09-12 12:24:18.721 [main] INFO  com.zaxxer.hikari.HikariDataSource - HikariPool-1 - Starting...
2026-09-12 12:24:19.980 [main] INFO  com.zaxxer.hikari.pool.HikariPool - HikariPool-1 - Added connection org.postgresql.jdbc.PgConnection@736788b
2026-09-12 12:24:19.982 [main] INFO  com.zaxxer.hikari.HikariDataSource - HikariPool-1 - Start completed.
2026-09-12 12:24:20.098 [main] INFO  com.finx.config.FlywayConfig - [FLYWAY] Starting managed migration strategy...
2026-09-12 12:24:20.580 [main] INFO  com.finx.config.FlywayConfig - [FLYWAY CHECK] Existing schema status: 'users' table exists = true, 'flyway_schema_history' exists = true
2026-09-12 12:24:20.581 [main] INFO  com.finx.config.FlywayConfig - [FLYWAY REPAIR] Running flyway.repair()...
2026-09-12 12:24:21.419 [main] INFO  org.flywaydb.core.FlywayExecutor - Database: jdbc:postgresql://aws-0-ap-southeast-1.pooler.supabase.com:6543/postgres?pgbouncer=true&prepareThreshold=0 (PostgreSQL 17.6)
2026-09-12 12:24:22.430 [main] INFO  o.f.c.i.s.JdbcTableSchemaHistory - Repair of failed migration in Schema History table "public"."flyway_schema_history" not necessary. No failed migration detected.
2026-09-12 12:24:22.752 [main] INFO  o.f.core.internal.command.DbRepair - Successfully repaired schema history table "public"."flyway_schema_history" (execution time 00:00.718s).
2026-09-12 12:24:23.533 [main] INFO  com.finx.config.FlywayConfig - [FLYWAY MIGRATE] Executing flyway.migrate()...
2026-09-12 12:24:24.612 [main] INFO  o.f.core.internal.command.DbValidate - Successfully validated 3 migrations (execution time 00:00.300s)
2026-09-12 12:24:25.647 [main] INFO  o.f.core.internal.command.DbMigrate - Current version of schema "public": 3
2026-09-12 12:24:25.731 [main] INFO  o.f.core.internal.command.DbMigrate - Schema "public" is up to date. No migration necessary.
2026-09-12 12:24:26.176 [main] INFO  com.finx.config.FlywayConfig - [FLYWAY MIGRATE] Database migrations completed successfully!
2026-09-12 12:24:26.264 [main] INFO  o.h.jpa.internal.util.LogHelper - HHH000204: Processing PersistenceUnitInfo [name: default]
2026-09-12 12:24:26.309 [main] INFO  org.hibernate.Version - HHH000412: Hibernate ORM core version 6.6.8.Final
2026-09-12 12:24:26.339 [main] INFO  o.h.c.i.RegionFactoryInitiator - HHH000026: Second-level cache disabled
2026-09-12 12:24:26.620 [main] INFO  o.s.o.j.p.SpringPersistenceUnitInfo - No LoadTimeWeaver setup: ignoring JPA class transformer
2026-09-12 12:24:26.948 [main] WARN  org.hibernate.orm.deprecation - HHH90000025: PostgreSQLDialect does not need to be specified explicitly using 'hibernate.dialect' (remove the property setting and it will be selected by default)
2026-09-12 12:24:27.113 [main] INFO  o.hibernate.orm.connections.pooling - HHH10001005: Database info:
	Database JDBC URL [Connecting through datasource 'HikariDataSource (HikariPool-1)']
	Database driver: undefined/unknown
	Database version: 17.6
	Autocommit mode: undefined/unknown
	Isolation level: undefined/unknown
	Minimum pool size: undefined/unknown
	Maximum pool size: undefined/unknown
2026-09-12 12:24:27.964 [main] INFO  o.h.e.t.j.p.i.JtaPlatformInitiator - HHH000489: No JTA platform available (set 'hibernate.transaction.jta.platform' to enable JTA platform integration)
2026-09-12 12:24:29.360 [main] WARN  o.h.e.jdbc.spi.SqlExceptionHelper - SQL Warning Code: 0, SQLState: 00000
2026-09-12 12:24:29.360 [main] WARN  o.h.e.jdbc.spi.SqlExceptionHelper - constraint "ukkt9q72nr5fk7yjpnlcv6qashn" of relation "deals" does not exist, skipping
2026-09-12 12:24:30.258 [main] WARN  o.h.e.jdbc.spi.SqlExceptionHelper - SQL Warning Code: 0, SQLState: 00000
2026-09-12 12:24:30.258 [main] WARN  o.h.e.jdbc.spi.SqlExceptionHelper - constraint "ukefqukogbk7i0poucwoy2qie74" of relation "users" does not exist, skipping
2026-09-12 12:24:30.944 [main] INFO  o.s.o.j.LocalContainerEntityManagerFactoryBean - Initialized JPA EntityManagerFactory for persistence unit 'default'
2026-09-12 12:24:31.271 [main] DEBUG c.f.s.jwt.JwtAuthenticationFilter - Filter 'jwtAuthenticationFilter' configured for use
2026-09-12 12:24:31.273 [main] DEBUG c.f.s.ratelimit.AuthRateLimitFilter - Filter 'authRateLimitFilter' configured for use
2026-09-12 12:24:31.441 [main] INFO  c.f.a.config.GoogleOAuthProperties - ================================================================================
2026-09-12 12:24:31.441 [main] INFO  c.f.a.config.GoogleOAuthProperties - [OAUTH CONFIGURATION] Google OAuth 2.0 is CONFIGURED and ACTIVE.
2026-09-12 12:24:31.441 [main] INFO  c.f.a.config.GoogleOAuthProperties - Client ID: 66903565...
2026-09-12 12:24:31.441 [main] INFO  c.f.a.config.GoogleOAuthProperties - Client Secret: [CONFIGURED - NEVER LOGGED]
2026-09-12 12:24:31.441 [main] INFO  c.f.a.config.GoogleOAuthProperties - Backend Redirect URI: http://localhost:8080/api/auth/google/callback
2026-09-12 12:24:31.441 [main] INFO  c.f.a.config.GoogleOAuthProperties - Frontend Redirect URL: http://localhost:3000/auth/callback/google
2026-09-12 12:24:31.441 [main] INFO  c.f.a.config.GoogleOAuthProperties - ================================================================================
2026-09-12 12:24:31.467 [main] INFO  o.s.d.j.r.query.QueryEnhancerFactory - Hibernate is in classpath; If applicable, HQL parser will be used.
2026-09-12 12:24:31.872 [main] WARN  c.f.p.config.RazorpayProperties - ================================================================================
2026-09-12 12:24:31.872 [main] WARN  c.f.p.config.RazorpayProperties - [PAYMENT CONFIGURATION] Razorpay keys not configured.
2026-09-12 12:24:31.872 [main] WARN  c.f.p.config.RazorpayProperties - Running in SANDBOX / TEST MODE with fallback HMAC-SHA256 signature verification.
2026-09-12 12:24:31.872 [main] WARN  c.f.p.config.RazorpayProperties - To connect live Razorpay payments, configure RAZORPAY_KEY_ID and RAZORPAY_KEY_SECRET.
2026-09-12 12:24:31.872 [main] WARN  c.f.p.config.RazorpayProperties - ================================================================================
WARNING: A terminally deprecated method in sun.misc.Unsafe has been called
WARNING: sun.misc.Unsafe::allocateMemory has been called by io.netty.util.internal.PlatformDependent0$2 (file:/C:/Users/moham/.m2/repository/io/netty/netty-common/4.1.118.Final/netty-common-4.1.118.Final.jar)
WARNING: Please consider reporting this to the maintainers of class io.netty.util.internal.PlatformDependent0$2
WARNING: sun.misc.Unsafe::allocateMemory will be removed in a future release
2026-09-12 12:24:32.266 [main] INFO  com.finx.config.RedisConfig - RedisTemplate configured successfully for caching, notification queues, and rate limiting
2026-09-12 12:24:32.480 [main] INFO  o.s.s.c.a.a.c.InitializeUserDetailsBeanManagerConfigurer$InitializeUserDetailsManagerConfigurer - Global AuthenticationManager configured with UserDetailsService bean with name customUserDetailsService
2026-09-12 12:24:32.828 [main] INFO  o.s.b.a.e.web.EndpointLinksResolver - Exposing 3 endpoints beneath base path '/actuator'
2026-09-12 12:24:33.446 [main] INFO  o.s.b.w.e.tomcat.TomcatWebServer - Tomcat started on port 8080 (http) with context path '/'
2026-09-12 12:24:33.458 [main] INFO  com.finx.FinxApplication - Started FinxApplication in 17.242 seconds (process running for 17.555)
2026-09-12 12:29:19.256 [http-nio-8080-exec-1] INFO  o.a.c.c.C.[Tomcat].[localhost].[/] - Initializing Spring DispatcherServlet 'dispatcherServlet'
2026-09-12 12:29:19.256 [http-nio-8080-exec-1] INFO  o.s.web.servlet.DispatcherServlet - Initializing Servlet 'dispatcherServlet'
2026-09-12 12:29:19.258 [http-nio-8080-exec-1] INFO  o.s.web.servlet.DispatcherServlet - Completed initialization in 2 ms
2026-09-12 12:29:19.366 [http-nio-8080-exec-1] WARN  c.finx.security.jwt.JwtTokenProvider - Expired JWT token: JWT expired 25365 milliseconds ago at 2026-09-12T06:58:54.000Z. Current time: 2026-09-12T06:59:19.365Z. Allowed clock skew: 0 milliseconds.
2026-09-12 12:29:19.366 [http-nio-8080-exec-3] WARN  c.finx.security.jwt.JwtTokenProvider - Expired JWT token: JWT expired 25365 milliseconds ago at 2026-09-12T06:58:54.000Z. Current time: 2026-09-12T06:59:19.365Z. Allowed clock skew: 0 milliseconds.
2026-09-12 12:29:19.366 [http-nio-8080-exec-4] WARN  c.finx.security.jwt.JwtTokenProvider - Expired JWT token: JWT expired 25365 milliseconds ago at 2026-09-12T06:58:54.000Z. Current time: 2026-09-12T06:59:19.365Z. Allowed clock skew: 0 milliseconds.
2026-09-12 12:29:19.366 [http-nio-8080-exec-2] WARN  c.finx.security.jwt.JwtTokenProvider - Expired JWT token: JWT expired 25365 milliseconds ago at 2026-09-12T06:58:54.000Z. Current time: 2026-09-12T06:59:19.365Z. Allowed clock skew: 0 milliseconds.
2026-09-12 12:29:19.375 [http-nio-8080-exec-1] WARN  c.f.s.j.JwtAuthenticationEntryPoint - Unauthorized access attempt on URI [/api/deals/sellers]: Full authentication is required to access this resource
2026-09-12 12:29:19.375 [http-nio-8080-exec-2] WARN  c.f.s.j.JwtAuthenticationEntryPoint - Unauthorized access attempt on URI [/api/auth/me]: Full authentication is required to access this resource
2026-09-12 12:29:19.375 [http-nio-8080-exec-3] WARN  c.f.s.j.JwtAuthenticationEntryPoint - Unauthorized access attempt on URI [/api/notifications]: Full authentication is required to access this resource
2026-09-12 12:29:19.375 [http-nio-8080-exec-4] WARN  c.f.s.j.JwtAuthenticationEntryPoint - Unauthorized access attempt on URI [/api/deals]: Full authentication is required to access this resource
2026-09-12 12:29:19.390 [http-nio-8080-exec-4] WARN  c.finx.security.jwt.JwtTokenProvider - Expired JWT token: JWT expired 25390 milliseconds ago at 2026-09-12T06:58:54.000Z. Current time: 2026-09-12T06:59:19.390Z. Allowed clock skew: 0 milliseconds.
2026-09-12 12:29:19.390 [http-nio-8080-exec-3] WARN  c.finx.security.jwt.JwtTokenProvider - Expired JWT token: JWT expired 25390 milliseconds ago at 2026-09-12T06:58:54.000Z. Current time: 2026-09-12T06:59:19.390Z. Allowed clock skew: 0 milliseconds.
2026-09-12 12:29:19.390 [http-nio-8080-exec-1] WARN  c.finx.security.jwt.JwtTokenProvider - Expired JWT token: JWT expired 25390 milliseconds ago at 2026-09-12T06:58:54.000Z. Current time: 2026-09-12T06:59:19.390Z. Allowed clock skew: 0 milliseconds.
2026-09-12 12:29:19.390 [http-nio-8080-exec-2] WARN  c.finx.security.jwt.JwtTokenProvider - Expired JWT token: JWT expired 25390 milliseconds ago at 2026-09-12T06:58:54.000Z. Current time: 2026-09-12T06:59:19.390Z. Allowed clock skew: 0 milliseconds.
2026-09-12 12:29:19.392 [http-nio-8080-exec-3] WARN  c.f.s.j.JwtAuthenticationEntryPoint - Unauthorized access attempt on URI [/api/notifications]: Full authentication is required to access this resource
2026-09-12 12:29:19.392 [http-nio-8080-exec-2] WARN  c.f.s.j.JwtAuthenticationEntryPoint - Unauthorized access attempt on URI [/api/auth/me]: Full authentication is required to access this resource
2026-09-12 12:29:19.391 [http-nio-8080-exec-1] WARN  c.f.s.j.JwtAuthenticationEntryPoint - Unauthorized access attempt on URI [/api/deals/sellers]: Full authentication is required to access this resource
2026-09-12 12:29:19.392 [http-nio-8080-exec-4] WARN  c.f.s.j.JwtAuthenticationEntryPoint - Unauthorized access attempt on URI [/api/deals]: Full authentication is required to access this resource
2026-09-12 12:29:19.796 [http-nio-8080-exec-6] INFO  com.finx.audit.service.AuditService - AUDIT_EVENT: action=[TOKEN_REFRESHED] entityType=[REFRESH_TOKEN] entityId=[b727cae7-1a57-4f9a-bd3c-f1636aee586c] actor=[5048ad0c-8c6b-4cd6-9306-c4389b30dc50]
2026-09-12 12:29:19.796 [http-nio-8080-exec-9] INFO  com.finx.audit.service.AuditService - AUDIT_EVENT: action=[TOKEN_REFRESHED] entityType=[REFRESH_TOKEN] entityId=[bfacdccd-ad43-48ee-b646-d08b121b8d87] actor=[5048ad0c-8c6b-4cd6-9306-c4389b30dc50]
2026-09-12 12:29:20.339 [http-nio-8080-exec-10] INFO  com.finx.audit.service.AuditService - AUDIT_EVENT: action=[REVOKED_TOKEN_REUSE_ATTEMPT] entityType=[REFRESH_TOKEN] entityId=[b7ede7e5-d9f6-4145-8845-6e159a5845e7] actor=[5048ad0c-8c6b-4cd6-9306-c4389b30dc50]
2026-09-12 12:29:20.407 [http-nio-8080-exec-7] INFO  com.finx.audit.service.AuditService - AUDIT_EVENT: action=[REVOKED_TOKEN_REUSE_ATTEMPT] entityType=[REFRESH_TOKEN] entityId=[b7ede7e5-d9f6-4145-8845-6e159a5845e7] actor=[5048ad0c-8c6b-4cd6-9306-c4389b30dc50]
2026-09-12 12:29:20.501 [http-nio-8080-exec-8] INFO  com.finx.audit.service.AuditService - AUDIT_EVENT: action=[REVOKED_TOKEN_REUSE_ATTEMPT] entityType=[REFRESH_TOKEN] entityId=[b7ede7e5-d9f6-4145-8845-6e159a5845e7] actor=[5048ad0c-8c6b-4cd6-9306-c4389b30dc50]
2026-09-12 12:29:20.572 [http-nio-8080-exec-5] INFO  com.finx.audit.service.AuditService - AUDIT_EVENT: action=[REVOKED_TOKEN_REUSE_ATTEMPT] entityType=[REFRESH_TOKEN] entityId=[b7ede7e5-d9f6-4145-8845-6e159a5845e7] actor=[5048ad0c-8c6b-4cd6-9306-c4389b30dc50]
2026-09-12 12:29:20.655 [http-nio-8080-exec-4] INFO  com.finx.audit.service.AuditService - AUDIT_EVENT: action=[REVOKED_TOKEN_REUSE_ATTEMPT] entityType=[REFRESH_TOKEN] entityId=[b7ede7e5-d9f6-4145-8845-6e159a5845e7] actor=[5048ad0c-8c6b-4cd6-9306-c4389b30dc50]
2026-09-12 12:29:20.735 [http-nio-8080-exec-3] INFO  com.finx.audit.service.AuditService - AUDIT_EVENT: action=[REVOKED_TOKEN_REUSE_ATTEMPT] entityType=[REFRESH_TOKEN] entityId=[b7ede7e5-d9f6-4145-8845-6e159a5845e7] actor=[5048ad0c-8c6b-4cd6-9306-c4389b30dc50]
2026-09-12 12:29:22.471 [http-nio-8080-exec-10] INFO  c.f.auth.controller.AuthController - [GOOGLE OAUTH REDIRECT] Initiating authorization. Exact redirect_uri: 'http://localhost:8080/api/auth/google/callback'
2026-09-12 12:29:50.433 [http-nio-8080-exec-7] INFO  com.finx.audit.service.AuditService - AUDIT_EVENT: action=[USER_LOGIN] entityType=[USER] entityId=[5048ad0c-8c6b-4cd6-9306-c4389b30dc50] actor=[5048ad0c-8c6b-4cd6-9306-c4389b30dc50]

C:\Users\moham\Downloads\FinX->'d' is not recognized as an internal or external command,
operable program or batch file.

C:\Users\moham\Downloads\FinX->