====================================================
   FINX End-to-End MVP Integration Verification     
====================================================

--- Phase 1: Google OAuth Security & Config ---
[32m[PASS][0m Google OAuth config endpoint responds 200 OK
[32m[PASS][0m Google client ID is returned
[32m[PASS][0m Google client secret is NEVER exposed to client

--- Phase 2: Invalid Login Handling ---
[32m[PASS][0m Invalid login returns HTTP 401 (got 401)

--- Phase 3: Corporate User Registration ---
[32m[PASS][0m Corporate registration returns 200/201 (got 201)
[32m[PASS][0m Access token and refresh token issued
[32m[PASS][0m Corporate role is BUYER (got BUYER)
[32m[PASS][0m Corporate user name matches (got Acme Corp Executive)

--- Phase 4: Vendor User Registration ---
[32m[PASS][0m Vendor registration returns 200/201 (got 201)
[32m[PASS][0m Vendor access token and refresh token issued
[32m[PASS][0m Vendor role is SELLER (got SELLER)

--- Phase 5: Authentication & Session Hydration (/api/auth/me) ---
[32m[PASS][0m Corporate login successful
[32m[PASS][0m Session hydration /api/auth/me returns 200 OK
[32m[PASS][0m Hydrated user email matches

--- Phase 6: Refresh Token Rotation ---
[32m[PASS][0m Token refresh returns 200 OK
[32m[PASS][0m New access token issued

--- Phase 7: Fetch Sellers for Deal Creation ---
[32m[PASS][0m GET /api/deals/sellers returns 200 OK
[32m[PASS][0m Registered vendor found in seller dropdown list (Apex Solutions Vendor)

--- Phase 8: Corporate Creates Deal ---
[32m[PASS][0m Deal created successfully (got 201)
[32m[PASS][0m Deal assigned valid ID: 089af367-b95e-416e-969c-394c33a87eec
[32m[PASS][0m Initial deal status is DRAFT/PENDING_ACCEPTANCE (got PENDING_ACCEPTANCE)
[32m[PASS][0m Deal total amount is 15000 (got 15000)
[32m[PASS][0m Deal buyer matches Corporate ID
[32m[PASS][0m Deal seller matches Vendor ID

--- Phase 9: Fetch Deal Details & Deal Listing ---
[32m[PASS][0m GET /api/deals/{id} returns 200 OK
[32m[PASS][0m Deal title matches
[32m[PASS][0m GET /api/deals returns 200 OK
[32m[PASS][0m Created deal is present in corporate deals list

--- Phase 10: Vendor Views & Accepts Deal ---
[32m[PASS][0m Vendor GET /api/deals returns 200 OK
[32m[PASS][0m Assigned deal is visible in vendor deals list
[32m[PASS][0m Vendor accepted deal returns 200 OK (got 200)
[32m[PASS][0m Deal status successfully transitioned to ACTIVE (got ACTIVE)

--- Phase 11: Corporate Creates Milestone for Deal ---
[32m[PASS][0m Milestone created successfully (got 201)
[32m[PASS][0m Milestone assigned ID: be8e1461-e2fc-48e5-a2b9-67ea9e43d3d3
[32m[PASS][0m Initial milestone status is PENDING (got PENDING)
[32m[PASS][0m Milestone amount is 10000 (got 10000)

--- Phase 12: Vendor Starts Milestone ---
[32m[PASS][0m Vendor started milestone returns 200 OK (got 200)
[32m[PASS][0m Milestone status transitioned to IN_PROGRESS (got IN_PROGRESS)

--- Phase 13: Vendor Submits Deliverable ---
[32m[PASS][0m Deliverable submitted successfully (got 201)
[32m[PASS][0m Deliverable assigned ID: a9f5d34c-badf-4522-980d-99a87f3eec57
[32m[PASS][0m Deliverable status is PENDING
[32m[PASS][0m Fetch milestone details returns 200 OK
[32m[PASS][0m Milestone status is UNDER_REVIEW (got UNDER_REVIEW)

--- Phase 14: Security Authorization & Milestone Approval ---
[32m[PASS][0m Vendor approving own milestone is rejected with 401 (got 401)
[32m[PASS][0m Corporate milestone approval returns 200 OK (got 200)
[32m[PASS][0m Milestone status transitioned to APPROVED (got APPROVED)

--- Phase 15: Razorpay Payment Order Creation ---
[32m[PASS][0m Payment order created (got 200)
[32m[PASS][0m Razorpay order ID returned: order_62b771d414344e
[32m[PASS][0m FINX payment ID returned: 4a95fa75-a5a3-4ccc-af02-9265ea531b94

--- Phase 16: Payment Verification & Escrow Funding ---
[32m[PASS][0m Payment verified successfully (got 200)
[32m[PASS][0m Payment status marked SUCCESS (got SUCCESS)

--- Phase 17: Escrow Balance & Ledger Verification ---
[32m[PASS][0m GET escrow account returns 200 OK
[32m[PASS][0m Escrow balance is 10000 (got 10000)
[32m[PASS][0m GET escrow ledger returns 200 OK
[32m[PASS][0m Escrow ledger contains 1 entries
[32m[PASS][0m First ledger entry type is FUND
[32m[PASS][0m Ledger entry amount is 10000

--- Phase 18: Escrow Release to Vendor ---
[32m[PASS][0m Escrow release returns 200 OK (got 200)
[32m[PASS][0m Release ledger entry type is RELEASE
[32m[PASS][0m Escrow balance after release is 0

--- Phase 19: Double-Release Prevention ---
[32m[PASS][0m Duplicate release is rejected with 400 Bad Request (got 400)

--- Phase 20: Admin Dashboard & Audit Logs ---
[32m[PASS][0m GET /api/admin/dashboard returns 200 OK
[32m[PASS][0m Admin dashboard returns totalDeals metric
[32m[PASS][0m GET /api/admin/audit-logs returns 200 OK
[32m[PASS][0m Audit log contains 15 logged business events

--- Phase 21: Deal Cancellation Flow ---
[32m[PASS][0m Cancel deal returns 200 OK
[32m[PASS][0m Cancelled deal status is CANCELLED (got CANCELLED)

--- Phase 22: Frontend Route Integrity (No 404s, No Under Construction) ---
Fatal test execution error: [TypeError: fetch failed] {
  [cause]: AggregateError [ECONNREFUSED]: 
      at internalConnectMultiple (node:net:1193:18)
      at afterConnectMultiple (node:net:1783:7) {
    code: 'ECONNREFUSED',
    [errors]: [ [Error], [Error] ]
  }
}
