====================================================
   FINX End-to-End MVP Integration Verification     
====================================================

--- Phase 1: Google OAuth Security & Config ---
[32m[PASS][0m Google OAuth config endpoint responds 200 OK
[32m[PASS][0m Google client ID is returned
[32m[PASS][0m Google client secret is NEVER exposed to client

--- Phase 2: Invalid Login Handling ---
[31m[FAIL][0m Invalid login returns HTTP 401 (got 500)

--- Phase 3: Corporate User Registration ---
[31m[FAIL][0m Corporate registration returns 200/201 (got 500)
[31m[FAIL][0m Access token and refresh token issued
[31m[FAIL][0m Corporate role is BUYER (got undefined)
[31m[FAIL][0m Corporate user name matches (got undefined)

--- Phase 4: Vendor User Registration ---
[31m[FAIL][0m Vendor registration returns 200/201 (got 500)
[31m[FAIL][0m Vendor access token and refresh token issued
[31m[FAIL][0m Vendor role is SELLER (got undefined)

--- Phase 5: Authentication & Session Hydration (/api/auth/me) ---
[31m[FAIL][0m Corporate login successful
[31m[FAIL][0m Session hydration /api/auth/me returns 200 OK
[31m[FAIL][0m Hydrated user email matches

--- Phase 6: Refresh Token Rotation ---
[31m[FAIL][0m Token refresh returns 200 OK
[31m[FAIL][0m New access token issued

--- Phase 7: Fetch Sellers for Deal Creation ---
[31m[FAIL][0m GET /api/deals/sellers returns 200 OK
Fatal test execution error: TypeError: sellers.find is not a function
    at runTests (file:///C:/Users/moham/Downloads/FinX-/test-e2e-workflow.mjs:146:37)
    at process.processTicksAndRejections (node:internal/process/task_queues:104:5)
Assertion failed: !(handle->flags & UV_HANDLE_CLOSING), file src\win\async.c, line 94
